// Jest Snapshot v1, https://goo.gl/fbAQLP

exports[`Hypertext Block renders correctly 1`] = `
.c0 {
  font-family: Montserrat;
  font-style: normal;
  font-weight: 500;
  font-size: 14px;
  line-height: 17px;
  color: #38b6ff;
  cursor: pointer;
  margin: 0;
}

.c0:hover {
  -webkit-text-decoration-line: underline;
  text-decoration-line: underline;
}

.c0:active {
  -webkit-text-decoration-line: underline;
  text-decoration-line: underline;
  color: #6c6c8a;
}

<a
  className="c0"
/>
`;
